<?xml version="1.0" encoding="UTF-8"?>
<testsuites name="jest tests" tests="22" failures="0" errors="0" time="25.933">
  <testsuite name="Files E2E" errors="0" failures="0" skipped="0" timestamp="2026-07-11T15:33:47" time="24.564" tests="22">
    <testcase classname="Files E2E POST /v1/files/upload should upload a file as admin" name="Files E2E POST /v1/files/upload should upload a file as admin" time="0.331">
    </testcase>
    <testcase classname="Files E2E POST /v1/files/upload should upload an image without changing its extension" name="Files E2E POST /v1/files/upload should upload an image without changing its extension" time="0.222">
    </testcase>
    <testcase classname="Files E2E POST /v1/files/upload should upload a file into a subfolder from multipart body" name="Files E2E POST /v1/files/upload should upload a file into a subfolder from multipart body" time="0.098">
    </testcase>
    <testcase classname="Files E2E POST /v1/files/upload should upload a file into a nested subfolder" name="Files E2E POST /v1/files/upload should upload a file into a nested subfolder" time="0.087">
    </testcase>
    <testcase classname="Files E2E POST /v1/files/upload should normalize Windows folder separators" name="Files E2E POST /v1/files/upload should normalize Windows folder separators" time="0.1">
    </testcase>
    <testcase classname="Files E2E POST /v1/files/upload should reject folder path traversal" name="Files E2E POST /v1/files/upload should reject folder path traversal" time="1.233">
    </testcase>
    <testcase classname="Files E2E POST /v1/files/upload should fail without token" name="Files E2E POST /v1/files/upload should fail without token" time="0.169">
    </testcase>
    <testcase classname="Files E2E POST /v1/files/upload should fail with user role" name="Files E2E POST /v1/files/upload should fail with user role" time="0.072">
    </testcase>
    <testcase classname="Files E2E POST /v1/files/upload should fail without a file" name="Files E2E POST /v1/files/upload should fail without a file" time="0.106">
    </testcase>
    <testcase classname="Files E2E POST /v1/files/upload should fail with an empty file" name="Files E2E POST /v1/files/upload should fail with an empty file" time="0.157">
    </testcase>
    <testcase classname="Files E2E POST /v1/files/upload/multiple should upload multiple files" name="Files E2E POST /v1/files/upload/multiple should upload multiple files" time="0.095">
    </testcase>
    <testcase classname="Files E2E POST /v1/files/upload/multiple should upload multiple files into a folder" name="Files E2E POST /v1/files/upload/multiple should upload multiple files into a folder" time="0.088">
    </testcase>
    <testcase classname="Files E2E POST /v1/files/upload/multiple should fail without files" name="Files E2E POST /v1/files/upload/multiple should fail without files" time="0.069">
    </testcase>
    <testcase classname="Files E2E POST /v1/files/upload/multiple should fail when one uploaded file is empty" name="Files E2E POST /v1/files/upload/multiple should fail when one uploaded file is empty" time="0.079">
    </testcase>
    <testcase classname="Files E2E POST /v1/files/upload/multiple should fail with user role" name="Files E2E POST /v1/files/upload/multiple should fail with user role" time="0.054">
    </testcase>
    <testcase classname="Files E2E POST /v1/files/upload/multiple should fail without token" name="Files E2E POST /v1/files/upload/multiple should fail without token" time="0.055">
    </testcase>
    <testcase classname="Files E2E DELETE /v1/files/:path should delete a root-level file as admin" name="Files E2E DELETE /v1/files/:path should delete a root-level file as admin" time="0.141">
    </testcase>
    <testcase classname="Files E2E DELETE /v1/files/:path should delete a file from a nested folder" name="Files E2E DELETE /v1/files/:path should delete a file from a nested folder" time="0.133">
    </testcase>
    <testcase classname="Files E2E DELETE /v1/files/:path should return 404 for a non-existent file" name="Files E2E DELETE /v1/files/:path should return 404 for a non-existent file" time="0.066">
    </testcase>
    <testcase classname="Files E2E DELETE /v1/files/:path should reject path traversal attempts" name="Files E2E DELETE /v1/files/:path should reject path traversal attempts" time="0.066">
    </testcase>
    <testcase classname="Files E2E DELETE /v1/files/:path should fail without token" name="Files E2E DELETE /v1/files/:path should fail without token" time="0.047">
    </testcase>
    <testcase classname="Files E2E DELETE /v1/files/:path should fail with user role" name="Files E2E DELETE /v1/files/:path should fail with user role" time="0.045">
    </testcase>
  </testsuite>
</testsuites>